// Jest Snapshot v1, https://goo.gl/fbAQLP

exports[`index.js renders properly 1`] = `
<div
  className="jsx-1918022339"
>
  <header
    className="jsx-636993204"
  >
    <a
      className="jsx-636993204"
      href="/"
      onClick={[Function]}
    >
      <img
        alt="GaritaCenter - Reporte de Garitas"
        className="jsx-636993204"
        src="/static/images/garita-center-logo.png"
      />
    </a>
    <div
      className="jsx-636993204"
    >
      <h1
        className="jsx-636993204"
      >
        Reporte de Garitas
      </h1>
      <h2
        className="jsx-636993204"
      >
        Tijuana / San Diego
      </h2>
    </div>
  </header>
  <nav
    className="jsx-804074665"
  >
    <a
      className="jsx-804074665 "
      href="/"
      onClick={[Function]}
    >
      Reporte Oficial
    </a>
    <a
      className="jsx-804074665 "
      href="/reporte-usuarios"
      onClick={[Function]}
    >
      Reporte Usuarios
    </a>
  </nav>
  <section
    className="jsx-473394754"
  >
    <div
      className="jsx-473394754 row"
    >
      <div
        className="jsx-473394754"
      />
      <div
        className="jsx-473394754"
      >
        <h3
          className="jsx-473394754"
        >
          San Ysidro
        </h3>
      </div>
      <div
        className="jsx-473394754"
      >
        <h3
          className="jsx-473394754"
        >
          Otay
        </h3>
      </div>
    </div>
    <div
      className="jsx-473394754 row"
    >
      <h5
        className="jsx-473394754"
      >
        Carros
      </h5>
    </div>
    <div
      className="jsx-473394754 row"
    >
      <div
        className="jsx-473394754"
      >
        <h4
          className="jsx-473394754"
        >
          Normal
        </h4>
      </div>
      <div
        className="jsx-473394754"
      >
        <span
          className="jsx-473394754 type-a"
        >
          55
        </span>
      </div>
      <div
        className="jsx-473394754"
      >
        <span
          className="jsx-473394754"
        >
          50
        </span>
      </div>
    </div>
    <div
      className="jsx-473394754 row"
    >
      <div
        className="jsx-473394754"
      >
        <h4
          className="jsx-473394754"
        >
          Ready Lane
        </h4>
      </div>
      <div
        className="jsx-473394754"
      >
        <span
          className="jsx-473394754 type-a"
        >
          50
        </span>
      </div>
      <div
        className="jsx-473394754"
      >
        <span
          className="jsx-473394754"
        >
          50
        </span>
      </div>
    </div>
    <div
      className="jsx-473394754 row"
    >
      <div
        className="jsx-473394754"
      >
        <h4
          className="jsx-473394754"
        >
          Sentry
        </h4>
      </div>
      <div
        className="jsx-473394754"
      >
        <span
          className="jsx-473394754 type-a"
        >
          15
        </span>
      </div>
      <div
        className="jsx-473394754"
      >
        <span
          className="jsx-473394754"
        >
          10
        </span>
      </div>
    </div>
    <br
      className="jsx-473394754"
    />
    <h5
      className="jsx-473394754"
    >
      Personas
    </h5>
    <div
      className="jsx-473394754 row"
    >
      <div
        className="jsx-473394754"
      >
        <h4
          className="jsx-473394754"
        >
          Normal
        </h4>
      </div>
      <div
        className="jsx-473394754"
      >
        <span
          className="jsx-473394754 type-a"
        >
          10
        </span>
      </div>
      <div
        className="jsx-473394754"
      >
        <span
          className="jsx-473394754"
        >
          0
        </span>
      </div>
    </div>
    <div
      className="jsx-473394754 row"
    >
      <div
        className="jsx-473394754"
      >
        <h4
          className="jsx-473394754"
        >
          Ready Lane
        </h4>
      </div>
      <div
        className="jsx-473394754"
      >
        <span
          className="jsx-473394754 type-a"
        >
          5
        </span>
      </div>
      <div
        className="jsx-473394754"
      >
        <span
          className="jsx-473394754"
        >
          0
        </span>
      </div>
    </div>
    <div
      className="jsx-473394754 row"
    >
      <div
        className="jsx-473394754"
      >
        <h4
          className="jsx-473394754"
        >
          Pedwest
        </h4>
      </div>
      <div
        className="jsx-473394754"
      >
        <span
          className="jsx-473394754 type-a"
        >
          10
        </span>
      </div>
      <div
        className="jsx-473394754"
      />
    </div>
    <p
      className="jsx-473394754"
    >
      Reporte de Garitas actualizado hace 
    </p>
  </section>
  <footer
    className="jsx-3212425475"
  >
    <div
      className="jsx-3212425475 content"
    >
      <p
        className="jsx-3212425475"
      >
        <strong
          className="jsx-3212425475"
        >
          GaritaCenter
        </strong>
         es un servicio web con el objetivo de brindar el reporte de garitas entre México (Tijuana) y Estados Unidos (San Diego), en un formato amigable.
      </p>
      <p
        className="jsx-3212425475"
      >
        En 
        <strong
          className="jsx-3212425475"
        >
          GaritaCenter
        </strong>
         nos interesa tu opinión, si eres de Tijuana y cruzas seguido, mándanos un mensaje sobre cómo podemos mejorar el reporte de garitas.
      </p>
      <p
        className="jsx-3212425475"
      >
        Síguenos en:
      </p>
      <ul
        className="jsx-3212425475 social-links"
      >
        <li
          className="jsx-3212425475"
        >
          <a
            className="jsx-3212425475"
            href="https://www.facebook.com/garitacenter/"
            rel="noopener noreferrer"
            target="_blank"
          >
            <svg
              className="jsx-3212425475"
              height="50"
              viewBox="0 0 30 30"
              width="50"
            >
              <circle
                className="jsx-3212425475"
                cx="15"
                cy="15"
                fill="#666"
                r="15"
              />
              <path
                className="jsx-3212425475"
                d="M16.6 25.1v-9.2h3.2l0.5-3.6h-3.7v-2.3c0-1 0.3-1.7 1.9-1.7l2 0V5.1c-0.3 0-1.5-0.1-2.9-0.1 -2.9 0-4.8 1.7-4.8 4.7v2.6H9.5v3.6h3.2v9.2H16.6z"
                fill="#fff"
              />
            </svg>
          </a>
        </li>
        <li
          className="jsx-3212425475"
        >
          <a
            className="jsx-3212425475"
            href="https://twitter.com/garita_center"
            rel="noopener noreferrer"
            target="_blank"
          >
            <svg
              className="jsx-3212425475"
              height="50"
              viewBox="0 0 30 30"
              width="50"
            >
              <circle
                className="jsx-3212425475"
                cx="15"
                cy="15"
                fill="#666"
                r="15"
              />
              <path
                className="jsx-3212425475"
                d="M23.5 9.7c-0.6 0.3-1.3 0.5-2 0.5 0.7-0.4 1.3-1.1 1.5-1.9 -0.7 0.4-1.4 0.7-2.2 0.8 -0.6-0.7-1.5-1.1-2.5-1.1 -1.9 0-3.5 1.6-3.5 3.5 0 0.3 0 0.5 0.1 0.8 -2.9-0.1-5.5-1.5-7.2-3.6 -0.3 0.5-0.5 1.1-0.5 1.8 0 1.2 0.6 2.3 1.6 2.9 -0.6 0-1.1-0.2-1.6-0.4 0 0 0 0 0 0 0 1.7 1.2 3.1 2.8 3.4 -0.3 0.1-0.6 0.1-0.9 0.1 -0.2 0-0.4 0-0.7-0.1 0.4 1.4 1.7 2.4 3.3 2.4 -1.2 0.9-2.7 1.5-4.3 1.5 -0.3 0-0.6 0-0.8 0 1.5 1 3.4 1.6 5.3 1.6 6.4 0 9.9-5.3 9.9-9.9 0-0.1 0-0.3 0-0.4C22.4 11 23 10.4 23.5 9.7z"
                fill="#fff"
              />
            </svg>
          </a>
        </li>
        <li
          className="jsx-3212425475"
        >
          <a
            className="jsx-3212425475"
            href="https://plus.google.com/102476216230239359040"
            rel="noopener noreferrer"
            target="_blank"
          >
            <svg
              className="jsx-3212425475"
              height="50"
              viewBox="0 0 50 50"
              width="50"
            >
              <circle
                className="jsx-3212425475"
                cx="25"
                cy="25"
                fill="#666"
                r="25"
              />
              <path
                className="jsx-3212425475"
                d="M23.6 27.9c-0.5-0.7-1-1.3-1.1-2.1 -0.2-0.8 0-1.6 0.3-2.3 -0.3 0-0.7 0-1 0 -2.2 0.1-4.1-0.5-5.7-2.1 -1.2-1.2-1.8-2.6-1.9-4.2 -0.3-2.6 0.8-4.6 2.6-6.4 1.5-1.4 3.4-2.1 5.4-2.4 2-0.2 4-0.2 6-0.2C30 8.2 31.8 8.2 33.5 8.2c0.1 0 0.2 0 0.3 0 0 0 0 0.1 0 0.1 -0.8 0.5-1.5 1-2.4 1.3 -0.9 0.3-1.8 0.4-2.7 0.1 0 0 0 0.1-0.1 0.1 0.1 0.1 0.1 0.2 0.2 0.3 0.7 0.6 1.3 1.3 1.7 2.1 1.5 2.5 1.4 6.4-1.3 8.7 -0.7 0.6-1.3 1.2-2 1.8 -0.9 0.8-0.8 2.2 0.1 3 1.2 1 2.4 2 3.5 3 2.6 2.3 2.7 6.2 0.8 8.7 -1.4 1.9-3.3 3.1-5.5 3.7 -1.8 0.5-3.6 0.7-5.5 0.7 -1.9-0.1-3.8-0.5-5.5-1.4 -1.4-0.7-2.5-1.8-2.9-3.3 -0.6-1.9-0.2-3.6 1-5.1 1-1.3 2.4-2.2 4-2.7 1.2-0.4 2.4-0.6 3.6-0.8C21.8 28.2 22.7 28.1 23.6 27.9zM23.5 39.8c1.5 0.1 2.8-0.1 4-0.8 2.8-1.4 3.3-5 1-7 -0.8-0.7-1.6-1.3-2.4-2 -0.5-0.4-1.1-0.7-1.8-0.7 -0.7 0-1.4 0.1-2.1 0.2 -1.3 0.1-2.6 0.5-3.8 1.1 -3 1.6-3.1 5-1.4 6.9 0.8 0.9 1.9 1.5 3.1 1.9C21.3 39.7 22.4 39.8 23.5 39.8zM18.2 14.3c0 1.3 0.1 2.3 0.5 3.3 0.5 1.4 1.2 2.6 2.3 3.6 2 1.7 4.7 1 6-0.7 0.5-0.7 0.7-1.5 0.7-2.4 0.1-1-0.1-2-0.4-3 -0.4-1.7-1.2-3.2-2.5-4.4 -2-1.8-5.1-1.2-6.2 1.2C18.2 12.8 18.2 13.6 18.2 14.3z"
                fill="#fff"
              />
            </svg>
          </a>
        </li>
      </ul>
      <p
        className="jsx-3212425475"
      >
        Amigos de GaritaCenter:
      </p>
      <ul
        className="jsx-3212425475"
      >
        <li
          className="jsx-3212425475"
        >
          <a
            className="jsx-3212425475"
            href="http://www.playami.com/"
            rel="noopener noreferrer"
            target="_blank"
          >
            Directorio Playas de Tijuana
          </a>
        </li>
        <li
          className="jsx-3212425475"
        >
          <a
            className="jsx-3212425475"
            href="http://www.somospool.com"
            rel="noopener noreferrer"
            target="_blank"
          >
            Pool
          </a>
        </li>
      </ul>
      <p
        className="jsx-3212425475"
      >
        <small
          className="jsx-3212425475"
        >
          El reporte de garitas de GaritaCenter es extraido de CBP. Los datos contenidos en este sitio son de carácter informativo.
        </small>
      </p>
    </div>
    <div
      className="jsx-3212425475 powered"
    >
      Todos los derechos reservados © GaritaCenter 
      <br
        className="jsx-3212425475"
      />
      Reporte de garitas para San Ysidro y Otay | Tijuana 
      <br
        className="jsx-3212425475"
      />
      Un proyecto de 
      <a
        className="jsx-3212425475"
        href="http://www.mintitmedia.com"
        rel="noopener noreferrer"
        target="_blank"
        title="Diseño y Desarrollo Web en Tijuana"
      >
        MINT
      </a>
    </div>
  </footer>
</div>
`;
